// Jest Snapshot v1, https://goo.gl/fbAQLP

exports[`Menu should render correctly 1`] = `
<ul
  class="cheesi-menu cheesi-menu-root cheesi-menu-inline cheesi-menu-light"
  data-menu-list="true"
  data-testid="menu"
  dir="ltr"
  role="menu"
  style="width: 256px;"
  tabindex="0"
>
  <li
    class="cheesi-menu-submenu cheesi-menu-submenu-inline cheesi-menu-submenu-open cheesi-menu-submenu-selected"
    role="none"
  >
    <div
      aria-controls="rc-menu-uuid-94588-1-sub1-popup"
      aria-expanded="true"
      aria-haspopup="true"
      class="cheesi-menu-submenu-title"
      data-menu-id="rc-menu-uuid-94588-1-sub1"
      role="menuitem"
      style="padding-left: 24px;"
      tabindex="-1"
    >
      <span
        class="cheesi-menu-title-content"
      >
        组件1
      </span>
      <i
        class="cheesi-menu-submenu-arrow"
      />
    </div>
    <ul
      class="cheesi-menu cheesi-menu-sub cheesi-menu-inline"
      data-menu-list="true"
      id="rc-menu-uuid-94588-1-sub1-popup"
      role="menu"
    >
      <li
        class="cheesi-menu-item-group"
        role="presentation"
      >
        <div
          class="cheesi-menu-item-group-title"
          role="presentation"
          title="子组件组1"
        >
          子组件组1
        </div>
        <ul
          class="cheesi-menu-item-group-list"
          role="group"
        >
          <li
            class="cheesi-menu-item cheesi-menu-item-selected cheesi-menu-item-only-child"
            data-menu-id="rc-menu-uuid-94588-1-1"
            role="menuitem"
            style="padding-left: 48px;"
            tabindex="-1"
          >
            <span
              class="cheesi-menu-title-content"
            >
              组件项1
            </span>
          </li>
          <li
            class="cheesi-menu-item cheesi-menu-item-only-child"
            data-menu-id="rc-menu-uuid-94588-1-2"
            role="menuitem"
            style="padding-left: 48px;"
            tabindex="-1"
          >
            <span
              class="cheesi-menu-title-content"
            >
              组件项2
            </span>
          </li>
        </ul>
      </li>
      <li
        class="cheesi-menu-item-group"
        role="presentation"
      >
        <div
          class="cheesi-menu-item-group-title"
          role="presentation"
          title="子组件组2"
        >
          子组件组2
        </div>
        <ul
          class="cheesi-menu-item-group-list"
          role="group"
        >
          <li
            class="cheesi-menu-item cheesi-menu-item-only-child"
            data-menu-id="rc-menu-uuid-94588-1-3"
            role="menuitem"
            style="padding-left: 48px;"
            tabindex="-1"
          >
            <span
              class="cheesi-menu-title-content"
            >
              组件项3
            </span>
          </li>
          <li
            class="cheesi-menu-item cheesi-menu-item-only-child"
            data-menu-id="rc-menu-uuid-94588-1-4"
            role="menuitem"
            style="padding-left: 48px;"
            tabindex="-1"
          >
            <span
              class="cheesi-menu-title-content"
            >
              组件项4
            </span>
          </li>
        </ul>
      </li>
    </ul>
  </li>
  <li
    class="cheesi-menu-submenu cheesi-menu-submenu-inline"
    role="none"
  >
    <div
      aria-controls="rc-menu-uuid-94588-1-sub2-popup"
      aria-expanded="false"
      aria-haspopup="true"
      class="cheesi-menu-submenu-title"
      data-menu-id="rc-menu-uuid-94588-1-sub2"
      role="menuitem"
      style="padding-left: 24px;"
      tabindex="-1"
    >
      <span
        class="cheesi-menu-title-content"
      >
        组件2
      </span>
      <i
        class="cheesi-menu-submenu-arrow"
      />
    </div>
  </li>
  <li
    class="cheesi-menu-item-group"
    role="presentation"
  >
    <div
      class="cheesi-menu-item-group-title"
      role="presentation"
      title="组件组"
    >
      组件组
    </div>
    <ul
      class="cheesi-menu-item-group-list"
      role="group"
    >
      <li
        class="cheesi-menu-item cheesi-menu-item-only-child"
        data-menu-id="rc-menu-uuid-94588-1-8"
        role="menuitem"
        style="padding-left: 24px;"
        tabindex="-1"
      >
        <span
          class="cheesi-menu-title-content"
        >
          组件项8
        </span>
      </li>
      <li
        class="cheesi-menu-item cheesi-menu-item-only-child"
        data-menu-id="rc-menu-uuid-94588-1-9"
        role="menuitem"
        style="padding-left: 24px;"
        tabindex="-1"
      >
        <span
          class="cheesi-menu-title-content"
        >
          组件项9
        </span>
      </li>
    </ul>
  </li>
</ul>
`;
